2025-03-18 00:58:53,579 - WARNING - Ошибка проверки обновлений: 404 Client Error: Not Found for url: https://api.github.com/repos/yourname/pc-optimizer/releases/latest
2025-03-18 01:28:25,590 - WARNING - Ошибка проверки обновлений: 404 Client Error: Not Found for url: https://api.github.com/repos/yourname/pc-optimizer/releases/latest
2025-03-19 00:16:11,812 - WARNING - Ошибка проверки обновлений: 404 Client Error: Not Found for url: https://api.github.com/repos/yourname/pc-optimizer/releases/latest
2025-03-19 05:30:37,087 - WARNING - Ошибка проверки обновлений: 404 Client Error: Not Found for url: https://api.github.com/repos/yourname/pc-optimizer/releases/latest
2025-03-19 07:01:02,766 - WARNING - Ошибка удаления C:\Temp\00fbd5dd-9a11-44cf-b8e2-91cf11c86814.tmp: [WinError 2] Не удается найти указанный файл: 'C:\\Temp\\00fbd5dd-9a11-44cf-b8e2-91cf11c86814.tmp'
2025-03-19 07:01:13,789 - WARNING - Ошибка удаления C:\Temp\0378c5cf-c141-4f66-a48c-57efb3a633b7.tmp: [WinError 2] Не удается найти указанный файл: 'C:\\Temp\\0378c5cf-c141-4f66-a48c-57efb3a633b7.tmp'
2025-03-19 07:01:24,411 - WARNING - Ошибка удаления C:\Temp\03a52a7d-333e-4778-9acb-a4048489ace9.tmp: [WinError 2] Не удается найти указанный файл: 'C:\\Temp\\03a52a7d-333e-4778-9acb-a4048489ace9.tmp'
2025-03-19 07:01:35,261 - WARNING - Ошибка удаления C:\Temp\05b11f7e-f029-423b-adfc-c685cf32bce0.tmp: [WinError 2] Не удается найти указанный файл: 'C:\\Temp\\05b11f7e-f029-423b-adfc-c685cf32bce0.tmp'
2025-03-19 07:01:46,013 - WARNING - Ошибка удаления C:\Temp\07beef55-2c22-496e-9f0c-3b768ab621ec.tmp: [WinError 2] Не удается найти указанный файл: 'C:\\Temp\\07beef55-2c22-496e-9f0c-3b768ab621ec.tmp'
2025-03-19 07:01:56,852 - WARNING - Ошибка удаления C:\Temp\0ea01269-9451-4aca-8509-287ae2ea4ecb.tmp: [WinError 2] Не удается найти указанный файл: 'C:\\Temp\\0ea01269-9451-4aca-8509-287ae2ea4ecb.tmp'
2025-03-19 07:02:03,879 - WARNING - Ошибка удаления C:\Temp\0fcfd2e0-8383-4f43-adb0-f4245f9a7351.tmp: process no longer exists (pid=12112)
2025-03-19 07:02:08,901 - WARNING - Ошибка удаления C:\Temp\1127e553-da71-46f2-9996-bd952ef8a787.tmp: process no longer exists (pid=7492)
2025-03-19 07:02:19,383 - WARNING - Ошибка удаления C:\Temp\291fc94b-5c69-4cbe-b80e-d480c4d7135f.tmp: [WinError 2] Не удается найти указанный файл: 'C:\\Temp\\291fc94b-5c69-4cbe-b80e-d480c4d7135f.tmp'
2025-03-19 07:02:27,907 - WARNING - Ошибка удаления C:\Temp\2f3102f1-7f35-4a70-a4b0-df907adaeaac.tmp: process no longer exists (pid=19056)
2025-03-19 07:02:38,320 - WARNING - Ошибка удаления C:\Temp\36186e33-d86e-4d3a-94cf-df7b10e8a411.tmp: [WinError 2] Не удается найти указанный файл: 'C:\\Temp\\36186e33-d86e-4d3a-94cf-df7b10e8a411.tmp'
2025-03-19 07:02:43,475 - WARNING - Ошибка удаления C:\Temp\3716d0c4-26d2-47a4-adaa-1d051c7442ed.tmp: process no longer exists (pid=9208)
2025-03-19 07:02:50,656 - WARNING - Ошибка удаления C:\Temp\3a40c673-4c3b-4644-a9c6-cdc730805f34.tmp: process no longer exists (pid=14120)
2025-03-19 07:02:54,457 - WARNING - Ошибка удаления C:\Temp\4123f427-0b96-455f-aee9-82013093af2d.tmp: process no longer exists (pid=5924)
2025-03-19 07:03:00,393 - WARNING - Ошибка удаления C:\Temp\4179d8c5-3e53-48de-8469-50e20cf08c1d.tmp: process no longer exists (pid=13780)
2025-03-19 07:03:09,110 - WARNING - Ошибка удаления C:\Temp\561f5bde-33ed-4b0e-a00e-ba094d4d082b.tmp: [WinError 2] Не удается найти указанный файл: 'C:\\Temp\\561f5bde-33ed-4b0e-a00e-ba094d4d082b.tmp'
2025-03-19 07:03:17,639 - WARNING - Ошибка удаления C:\Temp\5f1d0865-197d-404a-9acf-bc88f577345f.tmp: [WinError 2] Не удается найти указанный файл: 'C:\\Temp\\5f1d0865-197d-404a-9acf-bc88f577345f.tmp'
2025-03-19 07:03:26,067 - WARNING - Ошибка удаления C:\Temp\607e6ec1-f16d-465c-b1ff-b59bdbce5d26.tmp: [WinError 2] Не удается найти указанный файл: 'C:\\Temp\\607e6ec1-f16d-465c-b1ff-b59bdbce5d26.tmp'
2025-03-19 07:03:34,444 - WARNING - Ошибка удаления C:\Temp\6378cb44-0412-45fa-9ca8-e868a93fedb6.tmp: [WinError 2] Не удается найти указанный файл: 'C:\\Temp\\6378cb44-0412-45fa-9ca8-e868a93fedb6.tmp'
2025-03-19 07:03:39,517 - WARNING - Ошибка удаления C:\Temp\64ccdd7f-9840-404f-ba7a-82d4e349ea0a.tmp: process no longer exists (pid=10368)
2025-03-19 07:03:47,883 - WARNING - Ошибка удаления C:\Temp\66a7d717-adac-40e9-ad57-b16fef49cce8.tmp: [WinError 2] Не удается найти указанный файл: 'C:\\Temp\\66a7d717-adac-40e9-ad57-b16fef49cce8.tmp'
2025-03-19 07:03:56,308 - WARNING - Ошибка удаления C:\Temp\68965163-ea9f-427f-abf5-ab468dc9331b.tmp: [WinError 2] Не удается найти указанный файл: 'C:\\Temp\\68965163-ea9f-427f-abf5-ab468dc9331b.tmp'
2025-03-19 07:04:05,223 - WARNING - Ошибка удаления C:\Temp\6e3d1d6b-0cf8-495a-8a9d-a0a2dea4e778.tmp: [WinError 2] Не удается найти указанный файл: 'C:\\Temp\\6e3d1d6b-0cf8-495a-8a9d-a0a2dea4e778.tmp'
2025-03-19 07:04:14,256 - WARNING - Ошибка удаления C:\Temp\7a47cd7e-e9b4-48ee-91a3-154d4b941755.tmp: [WinError 2] Не удается найти указанный файл: 'C:\\Temp\\7a47cd7e-e9b4-48ee-91a3-154d4b941755.tmp'
2025-03-19 07:04:20,217 - WARNING - Ошибка удаления C:\Temp\7adb92e2-7512-42aa-bbc0-55e7d5cfba6d.tmp: process no longer exists (pid=11780)
2025-03-19 07:04:28,956 - WARNING - Ошибка удаления C:\Temp\833097dd-16a2-42a8-aa14-758bc42806a7.tmp: [WinError 2] Не удается найти указанный файл: 'C:\\Temp\\833097dd-16a2-42a8-aa14-758bc42806a7.tmp'
2025-03-19 07:04:35,568 - WARNING - Ошибка удаления C:\Temp\933a58f9-3889-4078-a0b4-73d6a656fcd6.tmp: process no longer exists (pid=13708)
2025-03-19 07:04:36,569 - WARNING - Ошибка удаления C:\Temp\95de14a0-5f00-4722-87eb-477b13bbe18b.tmp: [WinError 2] Не удается найти указанный файл: 'C:\\Temp\\95de14a0-5f00-4722-87eb-477b13bbe18b.tmp'
2025-03-19 07:04:37,570 - WARNING - Ошибка удаления C:\Temp\9666e35d-f052-4731-abe7-c832a082e8fa.tmp: [WinError 2] Не удается найти указанный файл: 'C:\\Temp\\9666e35d-f052-4731-abe7-c832a082e8fa.tmp'
2025-03-19 07:04:38,929 - WARNING - Ошибка удаления C:\Temp\99ec336c-eb47-4e15-bec6-c9d28d3a181f.tmp: [WinError 2] Не удается найти указанный файл: 'C:\\Temp\\99ec336c-eb47-4e15-bec6-c9d28d3a181f.tmp'
2025-03-19 07:04:39,930 - WARNING - Ошибка удаления C:\Temp\9d7c6b86-682e-4227-a400-ec96905a305a.tmp: [WinError 2] Не удается найти указанный файл: 'C:\\Temp\\9d7c6b86-682e-4227-a400-ec96905a305a.tmp'
2025-03-19 07:04:40,930 - WARNING - Ошибка удаления C:\Temp\aa158b59-7345-4dc2-878a-379f0d1f6acd.tmp: [WinError 2] Не удается найти указанный файл: 'C:\\Temp\\aa158b59-7345-4dc2-878a-379f0d1f6acd.tmp'
2025-03-19 07:04:41,931 - WARNING - Ошибка удаления C:\Temp\acf2e00c-ddd2-4016-a94e-34372e213ff0.tmp: [WinError 2] Не удается найти указанный файл: 'C:\\Temp\\acf2e00c-ddd2-4016-a94e-34372e213ff0.tmp'
2025-03-19 07:04:42,932 - WARNING - Ошибка удаления C:\Temp\b4fd9dab-ffd3-402d-bc05-37c701f82efa.tmp: [WinError 2] Не удается найти указанный файл: 'C:\\Temp\\b4fd9dab-ffd3-402d-bc05-37c701f82efa.tmp'
2025-03-19 07:04:43,933 - WARNING - Ошибка удаления C:\Temp\b6a49a2a-44b3-4d88-bb68-6e78c4265684.tmp: [WinError 2] Не удается найти указанный файл: 'C:\\Temp\\b6a49a2a-44b3-4d88-bb68-6e78c4265684.tmp'
2025-03-19 07:04:44,933 - WARNING - Ошибка удаления C:\Temp\bcabcfb8-239f-47ba-be10-cc4f62abcb26.tmp: [WinError 2] Не удается найти указанный файл: 'C:\\Temp\\bcabcfb8-239f-47ba-be10-cc4f62abcb26.tmp'
2025-03-19 07:04:45,934 - WARNING - Ошибка удаления C:\Temp\c43f0097-0315-47d4-9ed8-688ed0b857c1.tmp: [WinError 2] Не удается найти указанный файл: 'C:\\Temp\\c43f0097-0315-47d4-9ed8-688ed0b857c1.tmp'
2025-03-19 07:04:46,935 - WARNING - Ошибка удаления C:\Temp\d06a5811-8108-4cf3-9fd3-51d58584e4b3.tmp: [WinError 2] Не удается найти указанный файл: 'C:\\Temp\\d06a5811-8108-4cf3-9fd3-51d58584e4b3.tmp'
2025-03-19 07:04:47,936 - WARNING - Ошибка удаления C:\Temp\d16c7195-af84-48b2-95a5-94624181d89f.tmp: [WinError 2] Не удается найти указанный файл: 'C:\\Temp\\d16c7195-af84-48b2-95a5-94624181d89f.tmp'
2025-03-19 07:04:48,937 - WARNING - Ошибка удаления C:\Temp\d81ed588-68a7-499c-96e8-cf33d35c2039.tmp: [WinError 2] Не удается найти указанный файл: 'C:\\Temp\\d81ed588-68a7-499c-96e8-cf33d35c2039.tmp'
2025-03-19 07:04:49,938 - WARNING - Ошибка удаления C:\Temp\e16b03d9-1313-4599-977d-b5512bb51306.tmp: [WinError 2] Не удается найти указанный файл: 'C:\\Temp\\e16b03d9-1313-4599-977d-b5512bb51306.tmp'
2025-03-19 07:04:50,939 - WARNING - Ошибка удаления C:\Temp\e37971dc-db35-4eab-ae2c-b2c073ba72b0.tmp: [WinError 2] Не удается найти указанный файл: 'C:\\Temp\\e37971dc-db35-4eab-ae2c-b2c073ba72b0.tmp'
2025-03-19 07:04:51,940 - WARNING - Ошибка удаления C:\Temp\ea3bdf37-5f59-4ac6-9703-e3774a112f6e.tmp: [WinError 2] Не удается найти указанный файл: 'C:\\Temp\\ea3bdf37-5f59-4ac6-9703-e3774a112f6e.tmp'
2025-03-19 07:04:52,941 - WARNING - Ошибка удаления C:\Temp\eaf03c1b-47d0-4487-8380-c6a74e57969c.tmp: [WinError 2] Не удается найти указанный файл: 'C:\\Temp\\eaf03c1b-47d0-4487-8380-c6a74e57969c.tmp'
2025-03-19 07:04:53,942 - WARNING - Ошибка удаления C:\Temp\f2b9911d-db31-4df6-a247-f54a132f9092.tmp: [WinError 2] Не удается найти указанный файл: 'C:\\Temp\\f2b9911d-db31-4df6-a247-f54a132f9092.tmp'
2025-03-19 07:04:54,943 - WARNING - Ошибка удаления C:\Temp\f6f0a085-a440-4ff0-8a9d-c2769904b0e3.tmp: [WinError 2] Не удается найти указанный файл: 'C:\\Temp\\f6f0a085-a440-4ff0-8a9d-c2769904b0e3.tmp'
2025-03-19 07:04:55,959 - WARNING - Ошибка удаления C:\Temp\f84246d8-6f54-40b0-a4f0-2f7e1ba0ad40.tmp: [WinError 2] Не удается найти указанный файл: 'C:\\Temp\\f84246d8-6f54-40b0-a4f0-2f7e1ba0ad40.tmp'
2025-03-19 07:04:56,960 - WARNING - Ошибка удаления C:\Temp\fc3100dd-3ccc-4a3d-b55a-c908c1a8f1d8.tmp: [WinError 2] Не удается найти указанный файл: 'C:\\Temp\\fc3100dd-3ccc-4a3d-b55a-c908c1a8f1d8.tmp'
2025-03-19 07:04:57,961 - WARNING - Ошибка удаления C:\Temp\fd230045-614d-40c6-b015-bf1366c94a9f.tmp: [WinError 2] Не удается найти указанный файл: 'C:\\Temp\\fd230045-614d-40c6-b015-bf1366c94a9f.tmp'
2025-03-19 07:04:58,963 - WARNING - Ошибка удаления C:\Temp\fdcb2638-809d-4d85-8047-7a161ee16157.tmp: [WinError 2] Не удается найти указанный файл: 'C:\\Temp\\fdcb2638-809d-4d85-8047-7a161ee16157.tmp'
2025-03-19 07:05:06,718 - WARNING - Ошибка удаления C:\Temp\~DF039800256E0D5FCA.TMP: process no longer exists (pid=16288)
2025-03-19 07:05:07,719 - WARNING - Ошибка удаления C:\Temp\~DF7EBA2B790703F2B7.TMP: [WinError 2] Не удается найти указанный файл: 'C:\\Temp\\~DF7EBA2B790703F2B7.TMP'
2025-03-19 07:05:08,721 - WARNING - Ошибка удаления C:\Temp\~PI9D95.tmp: [WinError 2] Не удается найти указанный файл: 'C:\\Temp\\~PI9D95.tmp'
2025-03-19 07:05:09,721 - WARNING - Ошибка удаления C:\Temp\~PI9D96.tmp: [WinError 2] Не удается найти указанный файл: 'C:\\Temp\\~PI9D96.tmp'
2025-03-19 07:05:10,722 - WARNING - Ошибка удаления C:\Temp\~PI9E34.tmp: [WinError 2] Не удается найти указанный файл: 'C:\\Temp\\~PI9E34.tmp'
2025-03-19 07:05:15,659 - WARNING - Ошибка удаления C:\Temp\is-7ASD2.tmp\CodeSetup-stable-ddc367ed5c8936efe395cffeec279b04ffd7db78.tmp: [WinError 3] Системе не удается найти указанный путь: 'C:\\Temp\\is-7ASD2.tmp\\CodeSetup-stable-ddc367ed5c8936efe395cffeec279b04ffd7db78.tmp'
2025-03-19 07:05:16,661 - WARNING - Ошибка удаления C:\Temp\is-U6HQJ.tmp\_isetup\_setup64.tmp: [WinError 3] Системе не удается найти указанный путь: 'C:\\Temp\\is-U6HQJ.tmp\\_isetup\\_setup64.tmp'
2025-03-19 07:05:17,683 - WARNING - Ошибка удаления C:\Temp\00fbd5dd-9a11-44cf-b8e2-91cf11c86814.tmp: [WinError 2] Не удается найти указанный файл: 'C:\\Temp\\00fbd5dd-9a11-44cf-b8e2-91cf11c86814.tmp'
2025-03-19 07:05:18,684 - WARNING - Ошибка удаления C:\Temp\0378c5cf-c141-4f66-a48c-57efb3a633b7.tmp: [WinError 2] Не удается найти указанный файл: 'C:\\Temp\\0378c5cf-c141-4f66-a48c-57efb3a633b7.tmp'
2025-03-19 07:05:19,685 - WARNING - Ошибка удаления C:\Temp\03a52a7d-333e-4778-9acb-a4048489ace9.tmp: [WinError 2] Не удается найти указанный файл: 'C:\\Temp\\03a52a7d-333e-4778-9acb-a4048489ace9.tmp'
2025-03-19 07:05:20,686 - WARNING - Ошибка удаления C:\Temp\05b11f7e-f029-423b-adfc-c685cf32bce0.tmp: [WinError 2] Не удается найти указанный файл: 'C:\\Temp\\05b11f7e-f029-423b-adfc-c685cf32bce0.tmp'
2025-03-19 07:05:21,687 - WARNING - Ошибка удаления C:\Temp\07beef55-2c22-496e-9f0c-3b768ab621ec.tmp: [WinError 2] Не удается найти указанный файл: 'C:\\Temp\\07beef55-2c22-496e-9f0c-3b768ab621ec.tmp'
2025-03-19 07:05:22,688 - WARNING - Ошибка удаления C:\Temp\0ea01269-9451-4aca-8509-287ae2ea4ecb.tmp: [WinError 2] Не удается найти указанный файл: 'C:\\Temp\\0ea01269-9451-4aca-8509-287ae2ea4ecb.tmp'
2025-03-19 07:05:23,689 - WARNING - Ошибка удаления C:\Temp\0fcfd2e0-8383-4f43-adb0-f4245f9a7351.tmp: [WinError 2] Не удается найти указанный файл: 'C:\\Temp\\0fcfd2e0-8383-4f43-adb0-f4245f9a7351.tmp'
2025-03-19 07:05:24,690 - WARNING - Ошибка удаления C:\Temp\1127e553-da71-46f2-9996-bd952ef8a787.tmp: [WinError 2] Не удается найти указанный файл: 'C:\\Temp\\1127e553-da71-46f2-9996-bd952ef8a787.tmp'
2025-03-19 07:05:25,691 - WARNING - Ошибка удаления C:\Temp\291fc94b-5c69-4cbe-b80e-d480c4d7135f.tmp: [WinError 2] Не удается найти указанный файл: 'C:\\Temp\\291fc94b-5c69-4cbe-b80e-d480c4d7135f.tmp'
2025-03-19 07:05:26,692 - WARNING - Ошибка удаления C:\Temp\2f3102f1-7f35-4a70-a4b0-df907adaeaac.tmp: [WinError 2] Не удается найти указанный файл: 'C:\\Temp\\2f3102f1-7f35-4a70-a4b0-df907adaeaac.tmp'
2025-03-19 07:05:27,693 - WARNING - Ошибка удаления C:\Temp\36186e33-d86e-4d3a-94cf-df7b10e8a411.tmp: [WinError 2] Не удается найти указанный файл: 'C:\\Temp\\36186e33-d86e-4d3a-94cf-df7b10e8a411.tmp'
2025-03-19 07:05:28,695 - WARNING - Ошибка удаления C:\Temp\3716d0c4-26d2-47a4-adaa-1d051c7442ed.tmp: [WinError 2] Не удается найти указанный файл: 'C:\\Temp\\3716d0c4-26d2-47a4-adaa-1d051c7442ed.tmp'
2025-03-19 07:05:29,696 - WARNING - Ошибка удаления C:\Temp\3a40c673-4c3b-4644-a9c6-cdc730805f34.tmp: [WinError 2] Не удается найти указанный файл: 'C:\\Temp\\3a40c673-4c3b-4644-a9c6-cdc730805f34.tmp'
2025-03-19 07:05:30,713 - WARNING - Ошибка удаления C:\Temp\4123f427-0b96-455f-aee9-82013093af2d.tmp: [WinError 2] Не удается найти указанный файл: 'C:\\Temp\\4123f427-0b96-455f-aee9-82013093af2d.tmp'
2025-03-19 07:05:31,714 - WARNING - Ошибка удаления C:\Temp\4179d8c5-3e53-48de-8469-50e20cf08c1d.tmp: [WinError 2] Не удается найти указанный файл: 'C:\\Temp\\4179d8c5-3e53-48de-8469-50e20cf08c1d.tmp'
2025-03-19 07:05:32,715 - WARNING - Ошибка удаления C:\Temp\561f5bde-33ed-4b0e-a00e-ba094d4d082b.tmp: [WinError 2] Не удается найти указанный файл: 'C:\\Temp\\561f5bde-33ed-4b0e-a00e-ba094d4d082b.tmp'
2025-03-19 07:11:48,459 - WARNING - Ошибка проверки обновлений: 404 Client Error: Not Found for url: https://api.github.com/repos/yourname/pc-optimizer/releases/latest
2025-03-20 18:04:26,972 - WARNING - Ошибка проверки обновлений: 404 Client Error: Not Found for url: https://api.github.com/repos/yourname/pc-optimizer/releases/latest
2025-03-20 18:06:08,143 - WARNING - Ошибка удаления C:\Temp\0a8d3e1a-0946-449d-af71-ce7aef4dbf7b.tmp: [WinError 2] Не удается найти указанный файл: 'C:\\Temp\\0a8d3e1a-0946-449d-af71-ce7aef4dbf7b.tmp'
2025-03-20 18:06:09,143 - WARNING - Ошибка удаления C:\Temp\0b77110a-e599-4ee5-ace1-f7625814301f.tmp: [WinError 2] Не удается найти указанный файл: 'C:\\Temp\\0b77110a-e599-4ee5-ace1-f7625814301f.tmp'
2025-03-20 18:06:10,144 - WARNING - Ошибка удаления C:\Temp\108b4bc2-e41b-42da-9b9b-305c88efe90d.tmp: [WinError 2] Не удается найти указанный файл: 'C:\\Temp\\108b4bc2-e41b-42da-9b9b-305c88efe90d.tmp'
2025-03-20 18:06:11,146 - WARNING - Ошибка удаления C:\Temp\13e86bba-d706-4b2d-b209-e4a2fd6ed55f.tmp: [WinError 2] Не удается найти указанный файл: 'C:\\Temp\\13e86bba-d706-4b2d-b209-e4a2fd6ed55f.tmp'
2025-03-20 18:06:12,147 - WARNING - Ошибка удаления C:\Temp\14b8bdcb-65f2-429c-9059-5aa3e8a99c8a.tmp: [WinError 2] Не удается найти указанный файл: 'C:\\Temp\\14b8bdcb-65f2-429c-9059-5aa3e8a99c8a.tmp'
2025-03-20 18:06:13,147 - WARNING - Ошибка удаления C:\Temp\2131a23b-1fad-440e-bf79-c53e4508c755.tmp: [WinError 2] Не удается найти указанный файл: 'C:\\Temp\\2131a23b-1fad-440e-bf79-c53e4508c755.tmp'
2025-03-20 18:06:14,148 - WARNING - Ошибка удаления C:\Temp\27204ecf-1a2a-4d2c-9736-72c3d1cca961.tmp: [WinError 2] Не удается найти указанный файл: 'C:\\Temp\\27204ecf-1a2a-4d2c-9736-72c3d1cca961.tmp'
2025-03-20 18:06:15,149 - WARNING - Ошибка удаления C:\Temp\3509dca3-e2ad-4267-ba4a-5f3c4562b0a8.tmp: [WinError 2] Не удается найти указанный файл: 'C:\\Temp\\3509dca3-e2ad-4267-ba4a-5f3c4562b0a8.tmp'
2025-03-20 18:06:20,169 - WARNING - Ошибка удаления C:\Temp\4311e727-d0db-4dd8-b100-ec9312013888.tmp: [WinError 2] Не удается найти указанный файл: 'C:\\Temp\\4311e727-d0db-4dd8-b100-ec9312013888.tmp'
2025-03-20 18:06:21,171 - WARNING - Ошибка удаления C:\Temp\452d21e6-1854-4b0d-82b3-4db8efb5bf4a.tmp: [WinError 2] Не удается найти указанный файл: 'C:\\Temp\\452d21e6-1854-4b0d-82b3-4db8efb5bf4a.tmp'
2025-03-20 18:06:22,171 - WARNING - Ошибка удаления C:\Temp\4cf9b714-31cd-449c-a68e-ba26c0dfadbb.tmp: [WinError 2] Не удается найти указанный файл: 'C:\\Temp\\4cf9b714-31cd-449c-a68e-ba26c0dfadbb.tmp'
2025-03-20 18:06:23,173 - WARNING - Ошибка удаления C:\Temp\4ec0aa82-3eee-4488-a9cc-09147abbca9f.tmp: [WinError 2] Не удается найти указанный файл: 'C:\\Temp\\4ec0aa82-3eee-4488-a9cc-09147abbca9f.tmp'
2025-03-20 18:06:24,175 - WARNING - Ошибка удаления C:\Temp\6d821b16-8ada-4d20-8b49-144137fab9ee.tmp: [WinError 2] Не удается найти указанный файл: 'C:\\Temp\\6d821b16-8ada-4d20-8b49-144137fab9ee.tmp'
2025-03-20 18:06:29,202 - WARNING - Ошибка удаления C:\Temp\7dd585b0-e31f-4ba1-afbc-caf63809c033.tmp: [WinError 2] Не удается найти указанный файл: 'C:\\Temp\\7dd585b0-e31f-4ba1-afbc-caf63809c033.tmp'
2025-03-20 18:06:34,447 - WARNING - Ошибка удаления C:\Temp\7e36ae1c-b298-47ce-8874-eae993789840.tmp: [WinError 2] Не удается найти указанный файл: 'C:\\Temp\\7e36ae1c-b298-47ce-8874-eae993789840.tmp'
2025-03-20 18:06:35,448 - WARNING - Ошибка удаления C:\Temp\848c52f6-330c-4b79-a85f-b1cb9ada03ee.tmp: [WinError 2] Не удается найти указанный файл: 'C:\\Temp\\848c52f6-330c-4b79-a85f-b1cb9ada03ee.tmp'
2025-03-20 18:06:38,606 - WARNING - Ошибка удаления C:\Temp\890584f0-fcdb-412d-8733-fd92037f7307.tmp: process no longer exists (pid=9568)
2025-03-20 18:06:39,606 - WARNING - Ошибка удаления C:\Temp\9b781894-9d2e-4048-babc-e12f2a3c1bdf.tmp: [WinError 2] Не удается найти указанный файл: 'C:\\Temp\\9b781894-9d2e-4048-babc-e12f2a3c1bdf.tmp'
2025-03-20 18:06:40,608 - WARNING - Ошибка удаления C:\Temp\a95d74cb-6844-47c2-b451-187e08835258.tmp: [WinError 2] Не удается найти указанный файл: 'C:\\Temp\\a95d74cb-6844-47c2-b451-187e08835258.tmp'
2025-03-20 18:06:41,610 - WARNING - Ошибка удаления C:\Temp\ced8272d-07ff-4e32-a4eb-5ad0a995bb5e.tmp: [WinError 2] Не удается найти указанный файл: 'C:\\Temp\\ced8272d-07ff-4e32-a4eb-5ad0a995bb5e.tmp'
2025-03-20 18:06:42,612 - WARNING - Ошибка удаления C:\Temp\d1a25834-cbeb-478a-a7b1-ad8484de0675.tmp: [WinError 2] Не удается найти указанный файл: 'C:\\Temp\\d1a25834-cbeb-478a-a7b1-ad8484de0675.tmp'
2025-03-20 18:06:43,615 - WARNING - Ошибка удаления C:\Temp\d6bb0876-7316-4ee0-9a6d-2456f2f5a68f.tmp: [WinError 2] Не удается найти указанный файл: 'C:\\Temp\\d6bb0876-7316-4ee0-9a6d-2456f2f5a68f.tmp'
2025-03-20 18:06:44,616 - WARNING - Ошибка удаления C:\Temp\d8444b80-6165-4133-addb-4b52318321bb.tmp: [WinError 2] Не удается найти указанный файл: 'C:\\Temp\\d8444b80-6165-4133-addb-4b52318321bb.tmp'
2025-03-20 18:06:45,617 - WARNING - Ошибка удаления C:\Temp\e0e09970-b67e-44d5-a3d7-139dc0fd9850.tmp: [WinError 2] Не удается найти указанный файл: 'C:\\Temp\\e0e09970-b67e-44d5-a3d7-139dc0fd9850.tmp'
2025-03-20 18:06:46,619 - WARNING - Ошибка удаления C:\Temp\e190ce81-a735-4ba7-8908-60321a209fa5.tmp: [WinError 2] Не удается найти указанный файл: 'C:\\Temp\\e190ce81-a735-4ba7-8908-60321a209fa5.tmp'
2025-03-20 18:06:47,621 - WARNING - Ошибка удаления C:\Temp\e2e3b418-27a9-435c-ad2d-7ddae90b9e03.tmp: [WinError 2] Не удается найти указанный файл: 'C:\\Temp\\e2e3b418-27a9-435c-ad2d-7ddae90b9e03.tmp'
2025-03-20 18:06:48,622 - WARNING - Ошибка удаления C:\Temp\e508a242-b68a-422f-8211-b2ef79d4a47d.tmp: [WinError 2] Не удается найти указанный файл: 'C:\\Temp\\e508a242-b68a-422f-8211-b2ef79d4a47d.tmp'
2025-03-20 18:06:49,623 - WARNING - Ошибка удаления C:\Temp\ec17db7b-5043-4dd1-b2b5-bc65f198de01.tmp: [WinError 2] Не удается найти указанный файл: 'C:\\Temp\\ec17db7b-5043-4dd1-b2b5-bc65f198de01.tmp'
2025-03-20 18:06:50,624 - WARNING - Ошибка удаления C:\Temp\fcfc35ed-1b8c-4b7c-b9ab-66023e10ce32.tmp: [WinError 2] Не удается найти указанный файл: 'C:\\Temp\\fcfc35ed-1b8c-4b7c-b9ab-66023e10ce32.tmp'
2025-03-20 18:06:52,558 - WARNING - Ошибка удаления C:\Temp\HOME-PC-20250320-1021.log: process no longer exists (pid=6352)
2025-03-20 18:06:57,365 - WARNING - Ошибка удаления C:\Temp\0a8d3e1a-0946-449d-af71-ce7aef4dbf7b.tmp: [WinError 2] Не удается найти указанный файл: 'C:\\Temp\\0a8d3e1a-0946-449d-af71-ce7aef4dbf7b.tmp'
2025-03-20 18:06:58,365 - WARNING - Ошибка удаления C:\Temp\0b77110a-e599-4ee5-ace1-f7625814301f.tmp: [WinError 2] Не удается найти указанный файл: 'C:\\Temp\\0b77110a-e599-4ee5-ace1-f7625814301f.tmp'
2025-03-20 18:06:59,366 - WARNING - Ошибка удаления C:\Temp\108b4bc2-e41b-42da-9b9b-305c88efe90d.tmp: [WinError 2] Не удается найти указанный файл: 'C:\\Temp\\108b4bc2-e41b-42da-9b9b-305c88efe90d.tmp'
2025-03-20 18:07:00,368 - WARNING - Ошибка удаления C:\Temp\13e86bba-d706-4b2d-b209-e4a2fd6ed55f.tmp: [WinError 2] Не удается найти указанный файл: 'C:\\Temp\\13e86bba-d706-4b2d-b209-e4a2fd6ed55f.tmp'
2025-03-20 18:07:01,369 - WARNING - Ошибка удаления C:\Temp\14b8bdcb-65f2-429c-9059-5aa3e8a99c8a.tmp: [WinError 2] Не удается найти указанный файл: 'C:\\Temp\\14b8bdcb-65f2-429c-9059-5aa3e8a99c8a.tmp'
2025-03-20 18:07:02,370 - WARNING - Ошибка удаления C:\Temp\2131a23b-1fad-440e-bf79-c53e4508c755.tmp: [WinError 2] Не удается найти указанный файл: 'C:\\Temp\\2131a23b-1fad-440e-bf79-c53e4508c755.tmp'
2025-03-20 18:07:03,371 - WARNING - Ошибка удаления C:\Temp\27204ecf-1a2a-4d2c-9736-72c3d1cca961.tmp: [WinError 2] Не удается найти указанный файл: 'C:\\Temp\\27204ecf-1a2a-4d2c-9736-72c3d1cca961.tmp'
2025-03-20 18:07:04,373 - WARNING - Ошибка удаления C:\Temp\3509dca3-e2ad-4267-ba4a-5f3c4562b0a8.tmp: [WinError 2] Не удается найти указанный файл: 'C:\\Temp\\3509dca3-e2ad-4267-ba4a-5f3c4562b0a8.tmp'
2025-03-20 18:07:05,374 - WARNING - Ошибка удаления C:\Temp\4311e727-d0db-4dd8-b100-ec9312013888.tmp: [WinError 2] Не удается найти указанный файл: 'C:\\Temp\\4311e727-d0db-4dd8-b100-ec9312013888.tmp'
2025-03-20 18:07:06,375 - WARNING - Ошибка удаления C:\Temp\452d21e6-1854-4b0d-82b3-4db8efb5bf4a.tmp: [WinError 2] Не удается найти указанный файл: 'C:\\Temp\\452d21e6-1854-4b0d-82b3-4db8efb5bf4a.tmp'
2025-03-20 18:07:07,376 - WARNING - Ошибка удаления C:\Temp\4cf9b714-31cd-449c-a68e-ba26c0dfadbb.tmp: [WinError 2] Не удается найти указанный файл: 'C:\\Temp\\4cf9b714-31cd-449c-a68e-ba26c0dfadbb.tmp'
2025-03-20 18:07:08,377 - WARNING - Ошибка удаления C:\Temp\4ec0aa82-3eee-4488-a9cc-09147abbca9f.tmp: [WinError 2] Не удается найти указанный файл: 'C:\\Temp\\4ec0aa82-3eee-4488-a9cc-09147abbca9f.tmp'
2025-03-20 18:07:09,377 - WARNING - Ошибка удаления C:\Temp\6d821b16-8ada-4d20-8b49-144137fab9ee.tmp: [WinError 2] Не удается найти указанный файл: 'C:\\Temp\\6d821b16-8ada-4d20-8b49-144137fab9ee.tmp'
2025-03-20 18:07:10,378 - WARNING - Ошибка удаления C:\Temp\7dd585b0-e31f-4ba1-afbc-caf63809c033.tmp: [WinError 2] Не удается найти указанный файл: 'C:\\Temp\\7dd585b0-e31f-4ba1-afbc-caf63809c033.tmp'
2025-03-20 18:07:11,379 - WARNING - Ошибка удаления C:\Temp\7e36ae1c-b298-47ce-8874-eae993789840.tmp: [WinError 2] Не удается найти указанный файл: 'C:\\Temp\\7e36ae1c-b298-47ce-8874-eae993789840.tmp'
2025-03-20 18:07:12,380 - WARNING - Ошибка удаления C:\Temp\848c52f6-330c-4b79-a85f-b1cb9ada03ee.tmp: [WinError 2] Не удается найти указанный файл: 'C:\\Temp\\848c52f6-330c-4b79-a85f-b1cb9ada03ee.tmp'
2025-03-20 18:07:13,381 - WARNING - Ошибка удаления C:\Temp\890584f0-fcdb-412d-8733-fd92037f7307.tmp: [WinError 2] Не удается найти указанный файл: 'C:\\Temp\\890584f0-fcdb-412d-8733-fd92037f7307.tmp'
2025-03-20 18:07:14,382 - WARNING - Ошибка удаления C:\Temp\9b781894-9d2e-4048-babc-e12f2a3c1bdf.tmp: [WinError 2] Не удается найти указанный файл: 'C:\\Temp\\9b781894-9d2e-4048-babc-e12f2a3c1bdf.tmp'
2025-03-20 18:07:15,383 - WARNING - Ошибка удаления C:\Temp\a95d74cb-6844-47c2-b451-187e08835258.tmp: [WinError 2] Не удается найти указанный файл: 'C:\\Temp\\a95d74cb-6844-47c2-b451-187e08835258.tmp'
2025-03-20 18:07:16,384 - WARNING - Ошибка удаления C:\Temp\AB35.tmp: [WinError 2] Не удается найти указанный файл: 'C:\\Temp\\AB35.tmp'
2025-03-20 18:07:17,386 - WARNING - Ошибка удаления C:\Temp\ced8272d-07ff-4e32-a4eb-5ad0a995bb5e.tmp: [WinError 2] Не удается найти указанный файл: 'C:\\Temp\\ced8272d-07ff-4e32-a4eb-5ad0a995bb5e.tmp'
2025-03-20 18:07:18,387 - WARNING - Ошибка удаления C:\Temp\d1a25834-cbeb-478a-a7b1-ad8484de0675.tmp: [WinError 2] Не удается найти указанный файл: 'C:\\Temp\\d1a25834-cbeb-478a-a7b1-ad8484de0675.tmp'
2025-03-20 18:07:19,389 - WARNING - Ошибка удаления C:\Temp\d6bb0876-7316-4ee0-9a6d-2456f2f5a68f.tmp: [WinError 2] Не удается найти указанный файл: 'C:\\Temp\\d6bb0876-7316-4ee0-9a6d-2456f2f5a68f.tmp'
2025-03-20 18:07:20,390 - WARNING - Ошибка удаления C:\Temp\d8444b80-6165-4133-addb-4b52318321bb.tmp: [WinError 2] Не удается найти указанный файл: 'C:\\Temp\\d8444b80-6165-4133-addb-4b52318321bb.tmp'
2025-03-20 18:07:21,391 - WARNING - Ошибка удаления C:\Temp\e0e09970-b67e-44d5-a3d7-139dc0fd9850.tmp: [WinError 2] Не удается найти указанный файл: 'C:\\Temp\\e0e09970-b67e-44d5-a3d7-139dc0fd9850.tmp'
2025-03-20 18:07:22,392 - WARNING - Ошибка удаления C:\Temp\e190ce81-a735-4ba7-8908-60321a209fa5.tmp: [WinError 2] Не удается найти указанный файл: 'C:\\Temp\\e190ce81-a735-4ba7-8908-60321a209fa5.tmp'
2025-03-20 18:07:23,393 - WARNING - Ошибка удаления C:\Temp\e2e3b418-27a9-435c-ad2d-7ddae90b9e03.tmp: [WinError 2] Не удается найти указанный файл: 'C:\\Temp\\e2e3b418-27a9-435c-ad2d-7ddae90b9e03.tmp'
2025-03-20 18:07:24,394 - WARNING - Ошибка удаления C:\Temp\e508a242-b68a-422f-8211-b2ef79d4a47d.tmp: [WinError 2] Не удается найти указанный файл: 'C:\\Temp\\e508a242-b68a-422f-8211-b2ef79d4a47d.tmp'
2025-03-20 18:07:25,395 - WARNING - Ошибка удаления C:\Temp\ec17db7b-5043-4dd1-b2b5-bc65f198de01.tmp: [WinError 2] Не удается найти указанный файл: 'C:\\Temp\\ec17db7b-5043-4dd1-b2b5-bc65f198de01.tmp'
2025-03-20 18:07:26,397 - WARNING - Ошибка удаления C:\Temp\fcfc35ed-1b8c-4b7c-b9ab-66023e10ce32.tmp: [WinError 2] Не удается найти указанный файл: 'C:\\Temp\\fcfc35ed-1b8c-4b7c-b9ab-66023e10ce32.tmp'
2025-03-20 18:07:27,398 - WARNING - Ошибка удаления C:\Temp\HOME-PC-20250319-0705.log: [WinError 2] Не удается найти указанный файл: 'C:\\Temp\\HOME-PC-20250319-0705.log'
2025-03-20 18:07:28,399 - WARNING - Ошибка удаления C:\Temp\HOME-PC-20250319-0823.log: [WinError 2] Не удается найти указанный файл: 'C:\\Temp\\HOME-PC-20250319-0823.log'
2025-03-20 18:07:29,401 - WARNING - Ошибка удаления C:\Temp\HOME-PC-20250319-0902.log: [WinError 2] Не удается найти указанный файл: 'C:\\Temp\\HOME-PC-20250319-0902.log'
2025-03-20 18:07:30,401 - WARNING - Ошибка удаления C:\Temp\HOME-PC-20250319-0954.log: [WinError 2] Не удается найти указанный файл: 'C:\\Temp\\HOME-PC-20250319-0954.log'
2025-03-20 18:07:31,402 - WARNING - Ошибка удаления C:\Temp\HOME-PC-20250319-1021.log: [WinError 2] Не удается найти указанный файл: 'C:\\Temp\\HOME-PC-20250319-1021.log'
2025-03-20 18:07:32,403 - WARNING - Ошибка удаления C:\Temp\HOME-PC-20250319-1119.log: [WinError 2] Не удается найти указанный файл: 'C:\\Temp\\HOME-PC-20250319-1119.log'
2025-03-20 18:07:33,420 - WARNING - Ошибка удаления C:\Temp\HOME-PC-20250319-1130.log: [WinError 2] Не удается найти указанный файл: 'C:\\Temp\\HOME-PC-20250319-1130.log'
2025-03-20 18:07:34,421 - WARNING - Ошибка удаления C:\Temp\HOME-PC-20250319-1422.log: [WinError 2] Не удается найти указанный файл: 'C:\\Temp\\HOME-PC-20250319-1422.log'
2025-03-20 18:07:35,422 - WARNING - Ошибка удаления C:\Temp\HOME-PC-20250319-1428.log: [WinError 2] Не удается найти указанный файл: 'C:\\Temp\\HOME-PC-20250319-1428.log'
2025-03-20 18:07:36,423 - WARNING - Ошибка удаления C:\Temp\HOME-PC-20250319-1442.log: [WinError 2] Не удается найти указанный файл: 'C:\\Temp\\HOME-PC-20250319-1442.log'
2025-03-20 18:07:37,424 - WARNING - Ошибка удаления C:\Temp\HOME-PC-20250319-1457.log: [WinError 2] Не удается найти указанный файл: 'C:\\Temp\\HOME-PC-20250319-1457.log'
2025-03-20 18:07:38,425 - WARNING - Ошибка удаления C:\Temp\HOME-PC-20250319-1547.log: [WinError 2] Не удается найти указанный файл: 'C:\\Temp\\HOME-PC-20250319-1547.log'
2025-03-20 18:07:39,427 - WARNING - Ошибка удаления C:\Temp\HOME-PC-20250319-1620.log: [WinError 2] Не удается найти указанный файл: 'C:\\Temp\\HOME-PC-20250319-1620.log'
2025-03-20 18:07:40,428 - WARNING - Ошибка удаления C:\Temp\HOME-PC-20250319-1651.log: [WinError 2] Не удается найти указанный файл: 'C:\\Temp\\HOME-PC-20250319-1651.log'
2025-03-20 18:07:41,429 - WARNING - Ошибка удаления C:\Temp\HOME-PC-20250319-1726.log: [WinError 2] Не удается найти указанный файл: 'C:\\Temp\\HOME-PC-20250319-1726.log'
2025-03-20 18:07:42,430 - WARNING - Ошибка удаления C:\Temp\HOME-PC-20250319-1840.log: [WinError 2] Не удается найти указанный файл: 'C:\\Temp\\HOME-PC-20250319-1840.log'
2025-03-20 18:07:43,431 - WARNING - Ошибка удаления C:\Temp\HOME-PC-20250319-1931.log: [WinError 2] Не удается найти указанный файл: 'C:\\Temp\\HOME-PC-20250319-1931.log'
2025-03-20 18:07:44,432 - WARNING - Ошибка удаления C:\Temp\HOME-PC-20250319-1945.log: [WinError 2] Не удается найти указанный файл: 'C:\\Temp\\HOME-PC-20250319-1945.log'
2025-03-20 18:07:45,434 - WARNING - Ошибка удаления C:\Temp\HOME-PC-20250319-1959.log: [WinError 2] Не удается найти указанный файл: 'C:\\Temp\\HOME-PC-20250319-1959.log'
2025-03-20 18:07:46,435 - WARNING - Ошибка удаления C:\Temp\HOME-PC-20250319-2009.log: [WinError 2] Не удается найти указанный файл: 'C:\\Temp\\HOME-PC-20250319-2009.log'
2025-03-20 18:07:47,436 - WARNING - Ошибка удаления C:\Temp\HOME-PC-20250319-2331.log: [WinError 2] Не удается найти указанный файл: 'C:\\Temp\\HOME-PC-20250319-2331.log'
2025-03-20 18:07:48,438 - WARNING - Ошибка удаления C:\Temp\HOME-PC-20250320-1026.log: [WinError 2] Не удается найти указанный файл: 'C:\\Temp\\HOME-PC-20250320-1026.log'
2025-03-20 18:07:49,439 - WARNING - Ошибка удаления C:\Temp\HOME-PC-20250320-1027.log: [WinError 2] Не удается найти указанный файл: 'C:\\Temp\\HOME-PC-20250320-1027.log'
2025-03-20 18:07:50,440 - WARNING - Ошибка удаления C:\Temp\HOME-PC-20250320-1027a.log: [WinError 2] Не удается найти указанный файл: 'C:\\Temp\\HOME-PC-20250320-1027a.log'
2025-03-20 18:07:51,441 - WARNING - Ошибка удаления C:\Temp\HOME-PC-20250320-1055.log: [WinError 2] Не удается найти указанный файл: 'C:\\Temp\\HOME-PC-20250320-1055.log'
2025-03-20 18:07:52,442 - WARNING - Ошибка удаления C:\Temp\HOME-PC-20250320-1336.log: [WinError 2] Не удается найти указанный файл: 'C:\\Temp\\HOME-PC-20250320-1336.log'
2025-03-20 18:07:53,443 - WARNING - Ошибка удаления C:\Temp\HOME-PC-20250320-1345.log: [WinError 2] Не удается найти указанный файл: 'C:\\Temp\\HOME-PC-20250320-1345.log'
2025-03-20 18:07:54,444 - WARNING - Ошибка удаления C:\Temp\HOME-PC-20250320-1645.log: [WinError 2] Не удается найти указанный файл: 'C:\\Temp\\HOME-PC-20250320-1645.log'
2025-03-20 18:07:55,461 - WARNING - Ошибка удаления C:\Temp\HOME-PC-20250320-1700.log: [WinError 2] Не удается найти указанный файл: 'C:\\Temp\\HOME-PC-20250320-1700.log'
2025-03-20 18:07:56,462 - WARNING - Ошибка удаления C:\Temp\vscode-inno-updater-1742349774.log: [WinError 2] Не удается найти указанный файл: 'C:\\Temp\\vscode-inno-updater-1742349774.log'
2025-03-20 18:07:57,463 - WARNING - Ошибка удаления C:\Temp\yandex_browser_updater.log: [WinError 2] Не удается найти указанный файл: 'C:\\Temp\\yandex_browser_updater.log'
2025-03-20 18:07:58,464 - WARNING - Ошибка удаления C:\Temp\{2F872B3A-F4B6-47B1-9F4F-A410F213493E} - OProcSessId.dat: [WinError 2] Не удается найти указанный файл: 'C:\\Temp\\{2F872B3A-F4B6-47B1-9F4F-A410F213493E} - OProcSessId.dat'
2025-03-20 18:07:59,465 - WARNING - Ошибка удаления C:\Temp\{764356A4-1DB2-4BCF-BF75-6EA24F4FC5A7} - OProcSessId.dat: [WinError 2] Не удается найти указанный файл: 'C:\\Temp\\{764356A4-1DB2-4BCF-BF75-6EA24F4FC5A7} - OProcSessId.dat'
2025-03-20 18:08:00,466 - WARNING - Ошибка удаления C:\Temp\{C2B5C226-4E71-48C6-B24E-FCD41082D1C2} - OProcSessId.dat: [WinError 2] Не удается найти указанный файл: 'C:\\Temp\\{C2B5C226-4E71-48C6-B24E-FCD41082D1C2} - OProcSessId.dat'
2025-03-20 18:08:01,467 - WARNING - Ошибка удаления C:\Temp\{FA6B5E94-D353-4587-A85A-564FC4C9EBFB} - OProcSessId.dat: [WinError 2] Не удается найти указанный файл: 'C:\\Temp\\{FA6B5E94-D353-4587-A85A-564FC4C9EBFB} - OProcSessId.dat'
2025-03-20 18:08:02,469 - WARNING - Ошибка удаления C:\Temp\Crashpad\metadata: [WinError 2] Не удается найти указанный файл: 'C:\\Temp\\Crashpad\\metadata'
2025-03-20 18:08:03,470 - WARNING - Ошибка удаления C:\Temp\Crashpad\settings.dat: [WinError 2] Не удается найти указанный файл: 'C:\\Temp\\Crashpad\\settings.dat'
2025-03-20 18:08:04,471 - WARNING - Ошибка удаления C:\Temp\Diagnostics\POWERPNT\Primary1742474378700642100_C2B5C226-4E71-48C6-B24E-FCD41082D1C2.log: [WinError 2] Не удается найти указанный файл: 'C:\\Temp\\Diagnostics\\POWERPNT\\Primary1742474378700642100_C2B5C226-4E71-48C6-B24E-FCD41082D1C2.log'
2025-03-20 18:08:05,472 - WARNING - Ошибка удаления C:\Temp\Diagnostics\POWERPNT\Primary1742474708676107500_2F872B3A-F4B6-47B1-9F4F-A410F213493E.log: [WinError 2] Не удается найти указанный файл: 'C:\\Temp\\Diagnostics\\POWERPNT\\Primary1742474708676107500_2F872B3A-F4B6-47B1-9F4F-A410F213493E.log'
2025-03-20 18:08:06,473 - WARNING - Ошибка удаления C:\Temp\Diagnostics\POWERPNT\Primary1742474708676424200_2F872B3A-F4B6-47B1-9F4F-A410F213493E.log: [WinError 2] Не удается найти указанный файл: 'C:\\Temp\\Diagnostics\\POWERPNT\\Primary1742474708676424200_2F872B3A-F4B6-47B1-9F4F-A410F213493E.log'
2025-03-20 18:08:07,474 - WARNING - Ошибка удаления C:\Temp\Diagnostics\WINWORD\Primary1742349945399209200_FA6B5E94-D353-4587-A85A-564FC4C9EBFB.log: [WinError 2] Не удается найти указанный файл: 'C:\\Temp\\Diagnostics\\WINWORD\\Primary1742349945399209200_FA6B5E94-D353-4587-A85A-564FC4C9EBFB.log'
2025-03-20 18:08:08,475 - WARNING - Ошибка удаления C:\Temp\Diagnostics\WINWORD\Primary1742464654470136100_59FF1AE6-1E53-496E-BF07-30C3EF038220.log: [WinError 2] Не удается найти указанный файл: 'C:\\Temp\\Diagnostics\\WINWORD\\Primary1742464654470136100_59FF1AE6-1E53-496E-BF07-30C3EF038220.log'
2025-03-20 18:08:09,477 - WARNING - Ошибка удаления C:\Temp\Diagnostics\WINWORD\Primary1742474175095125800_4A00ECA5-4957-4BEB-ACDE-D3B59F703B04.log: [WinError 2] Не удается найти указанный файл: 'C:\\Temp\\Diagnostics\\WINWORD\\Primary1742474175095125800_4A00ECA5-4957-4BEB-ACDE-D3B59F703B04.log'
2025-03-20 18:08:10,478 - WARNING - Ошибка удаления C:\Temp\Diagnostics\WINWORD\Primary1742474722004954900_AFC97B79-E429-4F3C-8BEF-118710AFD078.log: [WinError 2] Не удается найти указанный файл: 'C:\\Temp\\Diagnostics\\WINWORD\\Primary1742474722004954900_AFC97B79-E429-4F3C-8BEF-118710AFD078.log'
2025-03-20 18:08:11,479 - WARNING - Ошибка удаления C:\Temp\Diagnostics\WINWORD\Primary1742474722005112300_AFC97B79-E429-4F3C-8BEF-118710AFD078.log: [WinError 2] Не удается найти указанный файл: 'C:\\Temp\\Diagnostics\\WINWORD\\Primary1742474722005112300_AFC97B79-E429-4F3C-8BEF-118710AFD078.log'
2025-03-20 18:08:12,480 - WARNING - Ошибка удаления C:\Temp\msohtmlclip1\01\clip_colorschememapping.xml: [WinError 2] Не удается найти указанный файл: 'C:\\Temp\\msohtmlclip1\\01\\clip_colorschememapping.xml'
2025-03-20 18:08:13,481 - WARNING - Ошибка удаления C:\Temp\msohtmlclip1\01\clip_themedata.thmx: [WinError 2] Не удается найти указанный файл: 'C:\\Temp\\msohtmlclip1\\01\\clip_themedata.thmx'
2025-03-20 18:10:00,547 - WARNING - Ошибка проверки обновлений: 404 Client Error: Not Found for url: https://api.github.com/repos/yourname/pc-optimizer/releases/latest
2025-03-20 19:46:20,606 - WARNING - Ошибка проверки обновлений: 404 Client Error: Not Found for url: https://api.github.com/repos/yourname/pc-optimizer/releases/latest
2025-03-20 20:44:16,136 - WARNING - Ошибка проверки обновлений: 404 Client Error: Not Found for url: https://api.github.com/repos/yourname/pc-optimizer/releases/latest
